---
date: "2026-01-15"
time: "10:30:00"
project: myproject
tokens_in: 10000
tokens_out: 5000
session_id: "abc12345-session-id"
---

# test-slug

<details>
<summary>2026-01-15 · 30m · </summary>
<table><tr><td><strong>ID</strong></td><td>abc12345-session-id</td></tr>
<tr><td><strong>Date</strong></td><td>2026-01-15</td></tr>
<tr><td><strong>Time</strong></td><td>10:30:00</td></tr>
<tr><td><strong>Duration</strong></td><td>30m</td></tr>
<tr><td><strong>Tool</strong></td><td>claude-code</td></tr>
<tr><td><strong>Project</strong></td><td>myproject</td></tr>
</table>
</details>

<details>
<summary>2</summary>
<table><tr><td><strong>Turns</strong></td><td>2</td></tr>
<tr><td><strong>Tokens</strong></td><td>15.0K (in: 10.0K, out: 5.0K)</td></tr>
</table>
</details>

---

## Tool Usage

- Read: 1

---

## Conversation

### 1. Assistant (10:32:00)

🔧 **Read: /tmp/x.go**

### 2. Tool Output (10:32:01)

```
package main
func main() {}
```
❌ Error
```
boom
```
<details>
<summary>15 lines</summary>

<pre>
line
line
line
line
line
line
line
line
line
line
line
line
line
line
line

</pre>
</details>

